2026-05-29 16:07:16,452 [INFO] __main__: Starting Meta Ads report run...
2026-05-29 16:07:16,453 [INFO] __main__: Pulling Meta Ads data...
2026-05-29 16:07:17,735 [INFO] meta_ads: Pulled 3 campaigns for 2026-05-22 → 2026-05-28
2026-05-29 16:07:17,736 [INFO] __main__: Writing to Google Sheets...
2026-05-29 16:07:17,736 [ERROR] sheets: Google credentials file not found: credentials.json
2026-05-29 16:07:17,736 [ERROR] __main__: Failed to write to Google Sheets: [Errno 2] No such file or directory: 'credentials.json'
2026-05-29 16:07:17,736 [INFO] __main__: Sending Telegram report...
2026-05-29 16:07:18,004 [INFO] httpx: HTTP Request: POST https://api.telegram.org/bot8866991358:AAGyRgjhOq2FyGIvjcsJdtoTRfH6hXKK9tw/getMe "HTTP/1.1 200 OK"
2026-05-29 16:07:18,107 [INFO] httpx: HTTP Request: POST https://api.telegram.org/bot8866991358:AAGyRgjhOq2FyGIvjcsJdtoTRfH6hXKK9tw/sendMessage "HTTP/1.1 200 OK"
2026-05-29 16:07:18,109 [INFO] telegram_bot: Telegram report sent to chat 1226839876.
2026-05-29 16:07:18,109 [INFO] __main__: Report run complete.
2026-05-29 16:10:12,455 [INFO] __main__: Starting Meta Ads report run...
2026-05-29 16:10:12,455 [INFO] __main__: Pulling Meta Ads data...
2026-05-29 16:10:13,455 [INFO] meta_ads: Pulled 3 campaigns for 2026-05-22 → 2026-05-28
2026-05-29 16:10:13,456 [INFO] __main__: Writing to Google Sheets...
2026-05-29 16:10:13,456 [ERROR] sheets: Google credentials file not found: credentials.json
2026-05-29 16:10:13,456 [ERROR] __main__: Failed to write to Google Sheets: [Errno 2] No such file or directory: 'credentials.json'
2026-05-29 16:10:13,456 [INFO] __main__: Sending Telegram report...
2026-05-29 16:10:13,738 [INFO] httpx: HTTP Request: POST https://api.telegram.org/bot8866991358:AAGyRgjhOq2FyGIvjcsJdtoTRfH6hXKK9tw/getMe "HTTP/1.1 200 OK"
2026-05-29 16:10:13,864 [INFO] httpx: HTTP Request: POST https://api.telegram.org/bot8866991358:AAGyRgjhOq2FyGIvjcsJdtoTRfH6hXKK9tw/sendMessage "HTTP/1.1 200 OK"
2026-05-29 16:10:13,866 [INFO] telegram_bot: Telegram report sent to chat 1226839876.
2026-05-29 16:10:13,866 [INFO] __main__: Report run complete.
2026-05-29 16:12:59,789 [INFO] __main__: Starting Meta Ads report run...
2026-05-29 16:12:59,789 [INFO] __main__: Pulling Meta Ads data...
2026-05-29 16:13:01,237 [INFO] meta_ads: Pulled 3 campaigns for 2026-05-22 → 2026-05-28
2026-05-29 16:13:01,237 [INFO] __main__: Writing to Google Sheets...
2026-05-29 16:13:06,357 [INFO] sheets: Header row written to sheet.
2026-05-29 16:13:07,260 [INFO] sheets: Appended 3 campaign rows to Google Sheet.
2026-05-29 16:13:07,265 [INFO] __main__: Sending Telegram report...
2026-05-29 16:13:07,555 [INFO] httpx: HTTP Request: POST https://api.telegram.org/bot8866991358:AAGyRgjhOq2FyGIvjcsJdtoTRfH6hXKK9tw/getMe "HTTP/1.1 200 OK"
2026-05-29 16:13:07,656 [INFO] httpx: HTTP Request: POST https://api.telegram.org/bot8866991358:AAGyRgjhOq2FyGIvjcsJdtoTRfH6hXKK9tw/sendMessage "HTTP/1.1 200 OK"
2026-05-29 16:13:07,659 [INFO] telegram_bot: Telegram report sent to chat 1226839876.
2026-05-29 16:13:07,659 [INFO] __main__: Report run complete.
